src/humanity_succeed/commissioning/agreement.py:57: error: Value expression in dictionary comprehension has incompatible type "None"; expected type "float"  [misc]
src/humanity_succeed/commissioning/agreement.py:72: error: Unsupported operand types for - ("None" and "float")  [operator]
src/humanity_succeed/commissioning/agreement.py:72: error: Unsupported operand types for - ("None" and "Literal[0]")  [operator]
src/humanity_succeed/commissioning/agreement.py:72: note: Both left and right operands are unions
src/humanity_succeed/canonical.py:196: error: Unused "type: ignore" comment  [unused-ignore]
src/humanity_succeed/canonical.py:215: error: Value of type variable "_L" of "add_constructor" of "BaseConstructor" cannot be "_StrictYamlLoader"  [type-var]
src/humanity_succeed/canonical.py:240: error: "object" not callable  [operator]
src/humanity_succeed/contracts/schemas.py:18: error: Library stubs not installed for "jsonschema"  [import-untyped]
src/humanity_succeed/contracts/schemas.py:18: note: Hint: "python3 -m pip install types-jsonschema"
src/humanity_succeed/contracts/schemas.py:18: note: (or run "mypy --install-types" to install all missing stub packages)
src/humanity_succeed/contracts/schemas.py:18: note: See https://mypy.readthedocs.io/en/stable/running_mypy.html#missing-imports
src/humanity_succeed/contracts/schemas.py:92: error: Unexpected keyword argument "ref" for "NoSuchResource"  [call-arg]
src/humanity_succeed/contracts/case.py:410: error: Incompatible types in assignment (expression has type "Any | None", variable has type "str")  [assignment]
src/humanity_succeed/review/importer.py:169: error: Argument "schema_id" to "ReviewRecord" has incompatible type "str"; expected "Literal['hs-review-record/1']"  [arg-type]
src/humanity_succeed/evaluation/predicates.py:86: error: Need type annotation for "refs" (hint: "refs: list[<type>] = ...")  [var-annotated]
src/humanity_succeed/corpus/views.py:60: error: Argument "task" to "SubjectView" has incompatible type "Sequence[str]"; expected "str"  [arg-type]
src/humanity_succeed/corpus/splits.py:76: error: Incompatible types in assignment (expression has type "list[CaseSource]", variable has type "list[str]")  [assignment]
src/humanity_succeed/corpus/splits.py:77: error: Value of type variable "SupportsRichComparisonT" of "sorted" cannot be "Callable[[str | None, SupportsIndex], list[str]]"  [type-var]
src/humanity_succeed/corpus/splits.py:78: error: "str" has no attribute "case_id"  [attr-defined]
src/humanity_succeed/corpus/splits.py:79: error: "str" has no attribute "root_scenario_id"  [attr-defined]
src/humanity_succeed/evidence/bundle.py:227: error: Argument 1 to "dict" has incompatible type "Any | None"; expected "SupportsKeysAndGetItem[Any, Any]"  [arg-type]
src/humanity_succeed/evidence/bundle.py:259: error: Assignment to variable "e" outside except: block  [misc]
src/humanity_succeed/evidence/bundle.py:261: error: Trying to read deleted variable "e"  [misc]
src/humanity_succeed/evidence/bundle.py:262: error: Trying to read deleted variable "e"  [misc]
src/humanity_succeed/evidence/bundle.py:266: error: Trying to read deleted variable "e"  [misc]
src/humanity_succeed/evidence/bundle.py:267: error: Trying to read deleted variable "e"  [misc]
src/humanity_succeed/evidence/bundle.py:270: error: Trying to read deleted variable "e"  [misc]
src/humanity_succeed/evidence/bundle.py:273: error: Trying to read deleted variable "e"  [misc]
src/humanity_succeed/evidence/bundle.py:276: error: Trying to read deleted variable "e"  [misc]
src/humanity_succeed/evidence/bundle.py:279: error: Trying to read deleted variable "e"  [misc]
src/humanity_succeed/evidence/bundle.py:406: error: Incompatible types in assignment (expression has type "Literal[False] | Any", variable has type "list[Any]")  [assignment]
src/humanity_succeed/evidence/bundle.py:408: error: Argument 2 to "check" has incompatible type "list[Any]"; expected "bool"  [arg-type]
src/humanity_succeed/corpus/compiler.py:76: error: Dict entry 2 has incompatible type "str": "list[str]"; expected "str": "str"  [dict-item]
src/humanity_succeed/corpus/compiler.py:85: error: Dict entry 2 has incompatible type "str": "list[str]"; expected "str": "str"  [dict-item]
src/humanity_succeed/corpus/compiler.py:270: error: Generator has incompatible item type "int"; expected "bool"  [misc]
src/humanity_succeed/corpus/compiler.py:271: error: "object" has no attribute "__iter__"; maybe "__dir__" or "__str__"? (not iterable)  [attr-defined]
src/humanity_succeed/review/export.py:219: error: Argument 1 to "list" has incompatible type "tuple[str, str]"; expected "Iterable[Literal['pass', 'fail']]"  [arg-type]
src/humanity_succeed/commissioning/mutations.py:149: error: Value of type "dict[str, Any] | None" is not indexable  [index]
src/humanity_succeed/commissioning/mutations.py:175: error: Value of type "dict[str, Any] | None" is not indexable  [index]
src/humanity_succeed/commissioning/run.py:106: error: Argument 1 to "sha256_bytes" has incompatible type "bytes | None"; expected "bytes"  [arg-type]
src/humanity_succeed/commissioning/plan.py:129: error: Argument 1 to "Path" has incompatible type "Path | None"; expected "str | PathLike[str]"  [arg-type]
src/humanity_succeed/commissioning/plan.py:159: error: Argument 2 to "_hash_files" has incompatible type "SuiteManifest | None"; expected "SuiteManifest"  [arg-type]
src/humanity_succeed/commissioning/plan.py:161: error: Argument 1 to "_fixture_rows" has incompatible type "SuiteManifest | None"; expected "SuiteManifest"  [arg-type]
src/humanity_succeed/commissioning/plan.py:162: error: Item "None" of "SuiteManifest | None" has no attribute "groups"  [union-attr]
Found 40 errors in 14 files (checked 55 source files)
